cobalt/binary/sets/MD5
cobalt/binary/sets/SHA512
cobalt/binary/sets/base.tgz
cobalt/binary/sets/comp.tgz
cobalt/binary/sets/etc.tgz
cobalt/binary/sets/games.tgz
cobalt/binary/sets/kern-GENERIC.tgz
cobalt/binary/sets/man.tgz
cobalt/binary/sets/misc.tgz
cobalt/binary/sets/tests.tgz
cobalt/binary/sets/text.tgz
cobalt/binary/sets/xbase.tgz
cobalt/binary/sets/xcomp.tgz
cobalt/binary/sets/xetc.tgz
cobalt/binary/sets/xfont.tgz
cobalt/binary/sets/xserver.tgz
cobalt/binary/kernel/MD5
cobalt/binary/kernel/SHA512
cobalt/binary/kernel/netbsd-GENERIC.gz
cobalt/binary/kernel/netbsd-INSTALL.gz
cobalt/binary/kernel/netbsd-RAMDISK.gz
i386/binary/sets/base.tgz
i386/binary/sets/comp.tgz
i386/binary/sets/etc.tgz
i386/binary/kernel/netbsd-GENERIC.gz
shared/ALL/man.tgz
shared/ALL/misc.tgz
shared/mipsel/games.tgz
shared/mipsel/xbase.tgz
shared/mipsel/xcomp.tgz
shared/mipsel/xetc.tgz
shared/mipsel/xfont.tgz
shared/mipsel/xserver.tgz
source/sets/gnusrc.tgz
source/sets/sharesrc.tgz
source/sets/src.tgz
source/sets/syssrc.tgz
